PS C:\Users\naoki\Documents> mkdir git_challenge

    Directory: C:\Users\naoki\Documents

Mode                 LastWriteTime         Length Name
----                 -------------         ------ ----
d----          2023/09/14    10:44                git_challenge

PS C:\Users\naoki\Documents> cd git_challenge
PS C:\Users\naoki\Documents\git_challenge> echo "Hello, world!" >> hello_world.txt
PS C:\Users\naoki\Documents\git_challenge> git init
Initialized empty Git repository in C:/Users/naoki/Documents/git_challenge/.git/
PS C:\Users\naoki\Documents\git_challenge> git add hello_world.txt
PS C:\Users\naoki\Documents\git_challenge> git commit -m "hello_world.txtを追加"
[main (root-commit) e68feb3] hello_world.txtを追加
 1 file changed, 1 insertion(+)
 create mode 100644 hello_world.txt
PS C:\Users\naoki\Documents\git_challenge> git add hello_world.txt
PS C:\Users\naoki\Documents\git_challenge> git commit -m "日本語訳を追記"       
[main b633e1c] 日本語訳を追記
 1 file changed, 1 insertion(+)
PS C:\Users\naoki\Documents\git_challenge> git log --oneline
b633e1c (HEAD -> main) 日本語訳を追記
e68feb3 hello_world.txtを追加